// Jest Snapshot v1, https://goo.gl/fbAQLP

exports[`page Caution 1`] = `
Array [
  <h1>
    Caution
  </h1>,
  <p>
    If you add or remove some pages, 
    <br />
    you need to edit exportPathMap() in next.config.js before exporting.
  </p>,
  <a
    href="/start"
    onClick={[Function]}
  >
    Back
  </a>,
]
`;
