// Jest Snapshot v1, https://goo.gl/fbAQLP

exports[`page Start 1`] = `
Array [
  <p
    className="jsx-600986976"
  >
    Electron + Next
  </p>,
  <a
    href="/caution"
    onClick={[Function]}
  >
    Caution
  </a>,
]
`;
